2025-03-26 10:54:33.055: [INFO][Sync] Reset engine, reason: 8
2025-03-26 10:54:33.055: [INFO][Sync] Stopped: Bookmarks
2025-03-26 10:54:33.055: [INFO][Sync] Stopped: Preferences
2025-03-26 10:54:33.055: [INFO][Sync] Stopped: Passwords
2025-03-26 10:54:33.055: [INFO][Sync] Stopped: Autofill Profiles
2025-03-26 10:54:33.055: [INFO][Sync] Stopped: Autofill
2025-03-26 10:54:33.055: [INFO][Sync] Stopped: Extensions
2025-03-26 10:54:33.055: [INFO][Sync] Stopped: Sessions
2025-03-26 10:54:33.055: [INFO][Sync] Stopped: Extension settings
2025-03-26 10:54:33.055: [INFO][Sync] Stopped: History Delete Directives
2025-03-26 10:54:33.055: [INFO][Sync] Stopped: Device Info
2025-03-26 10:54:33.055: [INFO][Sync] Stopped: User Consents
2025-03-26 10:54:33.055: [INFO][Sync] Stopped: Send Tab To Self
2025-03-26 10:54:33.055: [INFO][Sync] Stopped: Web Apps
2025-03-26 10:54:33.055: [INFO][Sync] Stopped: History
2025-03-26 10:54:33.055: [INFO][Sync] Stopped: Collection
2025-03-26 10:54:33.055: [INFO][Sync] Stopped: Edge E Drop
2025-03-26 10:54:33.055: [INFO][Sync] Stopped: Edge Hub App Usage
2025-03-26 10:54:33.055: [INFO][Sync] Stopped: Edge Tab Group
2025-03-26 10:54:33.055: [INFO][Sync] Stopped: Edge Wallet
2025-03-26 10:54:33.055: [INFO][Sync] SyncState after authenticated was: NotSignedIn
2025-03-26 10:54:33.272: [INFO][Sync] Reset engine, reason: 8
2025-03-26 10:54:33.272: [INFO][Sync] Stopped: Bookmarks
2025-03-26 10:54:33.272: [INFO][Sync] Stopped: Preferences
2025-03-26 10:54:33.272: [INFO][Sync] Stopped: Passwords
2025-03-26 10:54:33.272: [INFO][Sync] Stopped: Autofill Profiles
2025-03-26 10:54:33.272: [INFO][Sync] Stopped: Autofill
2025-03-26 10:54:33.272: [INFO][Sync] Stopped: Extensions
2025-03-26 10:54:33.272: [INFO][Sync] Stopped: Sessions
2025-03-26 10:54:33.272: [INFO][Sync] Stopped: Extension settings
2025-03-26 10:54:33.272: [INFO][Sync] Stopped: History Delete Directives
2025-03-26 10:54:33.272: [INFO][Sync] Stopped: Device Info
2025-03-26 10:54:33.272: [INFO][Sync] Stopped: User Consents
2025-03-26 10:54:33.272: [INFO][Sync] Stopped: Send Tab To Self
2025-03-26 10:54:33.272: [INFO][Sync] Stopped: Web Apps
2025-03-26 10:54:33.272: [INFO][Sync] Stopped: History
2025-03-26 10:54:33.272: [INFO][Sync] Stopped: Collection
2025-03-26 10:54:33.272: [INFO][Sync] Stopped: Edge E Drop
2025-03-26 10:54:33.272: [INFO][Sync] Stopped: Edge Hub App Usage
2025-03-26 10:54:33.272: [INFO][Sync] Stopped: Edge Tab Group
2025-03-26 10:54:33.272: [INFO][Sync] Stopped: Edge Wallet
2025-03-26 10:56:44.944: [INFO][Sync] Reset engine, reason: 0
2025-03-26 10:57:58.413: [INFO][Sync] Reset engine, reason: 8
2025-03-26 10:57:58.413: [INFO][Sync] Stopped: Bookmarks
2025-03-26 10:57:58.413: [INFO][Sync] Stopped: Preferences
2025-03-26 10:57:58.413: [INFO][Sync] Stopped: Passwords
2025-03-26 10:57:58.413: [INFO][Sync] Stopped: Autofill Profiles
2025-03-26 10:57:58.413: [INFO][Sync] Stopped: Autofill
2025-03-26 10:57:58.413: [INFO][Sync] Stopped: Extensions
2025-03-26 10:57:58.413: [INFO][Sync] Stopped: Sessions
2025-03-26 10:57:58.413: [INFO][Sync] Stopped: Extension settings
2025-03-26 10:57:58.413: [INFO][Sync] Stopped: History Delete Directives
2025-03-26 10:57:58.413: [INFO][Sync] Stopped: Device Info
2025-03-26 10:57:58.413: [INFO][Sync] Stopped: User Consents
2025-03-26 10:57:58.413: [INFO][Sync] Stopped: Send Tab To Self
2025-03-26 10:57:58.413: [INFO][Sync] Stopped: Web Apps
2025-03-26 10:57:58.413: [INFO][Sync] Stopped: History
2025-03-26 10:57:58.413: [INFO][Sync] Stopped: Collection
2025-03-26 10:57:58.413: [INFO][Sync] Stopped: Edge E Drop
2025-03-26 10:57:58.413: [INFO][Sync] Stopped: Edge Hub App Usage
2025-03-26 10:57:58.413: [INFO][Sync] Stopped: Edge Tab Group
2025-03-26 10:57:58.413: [INFO][Sync] Stopped: Edge Wallet
2025-03-26 10:57:58.413: [INFO][Sync] SyncState after authenticated was: NotSignedIn
2025-03-26 10:57:58.608: [INFO][Sync] Reset engine, reason: 8
2025-03-26 10:57:58.608: [INFO][Sync] Stopped: Bookmarks
2025-03-26 10:57:58.608: [INFO][Sync] Stopped: Preferences
2025-03-26 10:57:58.608: [INFO][Sync] Stopped: Passwords
2025-03-26 10:57:58.608: [INFO][Sync] Stopped: Autofill Profiles
2025-03-26 10:57:58.608: [INFO][Sync] Stopped: Autofill
2025-03-26 10:57:58.608: [INFO][Sync] Stopped: Extensions
2025-03-26 10:57:58.608: [INFO][Sync] Stopped: Sessions
2025-03-26 10:57:58.608: [INFO][Sync] Stopped: Extension settings
2025-03-26 10:57:58.608: [INFO][Sync] Stopped: History Delete Directives
2025-03-26 10:57:58.608: [INFO][Sync] Stopped: Device Info
2025-03-26 10:57:58.608: [INFO][Sync] Stopped: User Consents
2025-03-26 10:57:58.608: [INFO][Sync] Stopped: Send Tab To Self
2025-03-26 10:57:58.608: [INFO][Sync] Stopped: Web Apps
2025-03-26 10:57:58.608: [INFO][Sync] Stopped: History
2025-03-26 10:57:58.608: [INFO][Sync] Stopped: Collection
2025-03-26 10:57:58.608: [INFO][Sync] Stopped: Edge E Drop
2025-03-26 10:57:58.608: [INFO][Sync] Stopped: Edge Hub App Usage
2025-03-26 10:57:58.608: [INFO][Sync] Stopped: Edge Tab Group
2025-03-26 10:57:58.608: [INFO][Sync] Stopped: Edge Wallet
2025-03-26 11:01:46.251: [INFO][Sync] Reset engine, reason: 0
2025-03-26 11:02:12.542: [INFO][Sync] Reset engine, reason: 8
2025-03-26 11:02:12.542: [INFO][Sync] Stopped: Bookmarks
2025-03-26 11:02:12.542: [INFO][Sync] Stopped: Preferences
2025-03-26 11:02:12.542: [INFO][Sync] Stopped: Passwords
2025-03-26 11:02:12.542: [INFO][Sync] Stopped: Autofill Profiles
2025-03-26 11:02:12.542: [INFO][Sync] Stopped: Autofill
2025-03-26 11:02:12.542: [INFO][Sync] Stopped: Extensions
2025-03-26 11:02:12.542: [INFO][Sync] Stopped: Sessions
2025-03-26 11:02:12.542: [INFO][Sync] Stopped: Extension settings
2025-03-26 11:02:12.542: [INFO][Sync] Stopped: History Delete Directives
2025-03-26 11:02:12.542: [INFO][Sync] Stopped: Device Info
2025-03-26 11:02:12.542: [INFO][Sync] Stopped: User Consents
2025-03-26 11:02:12.542: [INFO][Sync] Stopped: Send Tab To Self
2025-03-26 11:02:12.542: [INFO][Sync] Stopped: Web Apps
2025-03-26 11:02:12.542: [INFO][Sync] Stopped: History
2025-03-26 11:02:12.542: [INFO][Sync] Stopped: Collection
2025-03-26 11:02:12.542: [INFO][Sync] Stopped: Edge E Drop
2025-03-26 11:02:12.542: [INFO][Sync] Stopped: Edge Hub App Usage
2025-03-26 11:02:12.542: [INFO][Sync] Stopped: Edge Tab Group
2025-03-26 11:02:12.542: [INFO][Sync] Stopped: Edge Wallet
2025-03-26 11:02:12.542: [INFO][Sync] SyncState after authenticated was: NotSignedIn
2025-03-26 11:02:12.741: [INFO][Sync] Reset engine, reason: 8
2025-03-26 11:02:12.741: [INFO][Sync] Stopped: Bookmarks
2025-03-26 11:02:12.741: [INFO][Sync] Stopped: Preferences
2025-03-26 11:02:12.741: [INFO][Sync] Stopped: Passwords
2025-03-26 11:02:12.741: [INFO][Sync] Stopped: Autofill Profiles
2025-03-26 11:02:12.741: [INFO][Sync] Stopped: Autofill
2025-03-26 11:02:12.741: [INFO][Sync] Stopped: Extensions
2025-03-26 11:02:12.741: [INFO][Sync] Stopped: Sessions
2025-03-26 11:02:12.741: [INFO][Sync] Stopped: Extension settings
2025-03-26 11:02:12.741: [INFO][Sync] Stopped: History Delete Directives
2025-03-26 11:02:12.741: [INFO][Sync] Stopped: Device Info
2025-03-26 11:02:12.741: [INFO][Sync] Stopped: User Consents
2025-03-26 11:02:12.741: [INFO][Sync] Stopped: Send Tab To Self
2025-03-26 11:02:12.741: [INFO][Sync] Stopped: Web Apps
2025-03-26 11:02:12.741: [INFO][Sync] Stopped: History
2025-03-26 11:02:12.741: [INFO][Sync] Stopped: Collection
2025-03-26 11:02:12.741: [INFO][Sync] Stopped: Edge E Drop
2025-03-26 11:02:12.741: [INFO][Sync] Stopped: Edge Hub App Usage
2025-03-26 11:02:12.741: [INFO][Sync] Stopped: Edge Tab Group
2025-03-26 11:02:12.741: [INFO][Sync] Stopped: Edge Wallet
2025-03-26 11:03:12.382: [INFO][Sync] Reset engine, reason: 0
2025-03-26 11:08:59.107: [INFO][Sync] Reset engine, reason: 8
2025-03-26 11:08:59.107: [INFO][Sync] Stopped: Bookmarks
2025-03-26 11:08:59.107: [INFO][Sync] Stopped: Preferences
2025-03-26 11:08:59.107: [INFO][Sync] Stopped: Passwords
2025-03-26 11:08:59.107: [INFO][Sync] Stopped: Autofill Profiles
2025-03-26 11:08:59.107: [INFO][Sync] Stopped: Autofill
2025-03-26 11:08:59.107: [INFO][Sync] Stopped: Extensions
2025-03-26 11:08:59.107: [INFO][Sync] Stopped: Sessions
2025-03-26 11:08:59.107: [INFO][Sync] Stopped: Extension settings
2025-03-26 11:08:59.107: [INFO][Sync] Stopped: History Delete Directives
2025-03-26 11:08:59.107: [INFO][Sync] Stopped: Device Info
2025-03-26 11:08:59.107: [INFO][Sync] Stopped: User Consents
2025-03-26 11:08:59.107: [INFO][Sync] Stopped: Send Tab To Self
2025-03-26 11:08:59.107: [INFO][Sync] Stopped: Web Apps
2025-03-26 11:08:59.107: [INFO][Sync] Stopped: History
2025-03-26 11:08:59.107: [INFO][Sync] Stopped: Collection
2025-03-26 11:08:59.107: [INFO][Sync] Stopped: Edge E Drop
2025-03-26 11:08:59.107: [INFO][Sync] Stopped: Edge Hub App Usage
2025-03-26 11:08:59.107: [INFO][Sync] Stopped: Edge Tab Group
2025-03-26 11:08:59.107: [INFO][Sync] Stopped: Edge Wallet
2025-03-26 11:08:59.107: [INFO][Sync] SyncState after authenticated was: NotSignedIn
2025-03-26 11:08:59.304: [INFO][Sync] Reset engine, reason: 8
2025-03-26 11:08:59.304: [INFO][Sync] Stopped: Bookmarks
2025-03-26 11:08:59.304: [INFO][Sync] Stopped: Preferences
2025-03-26 11:08:59.304: [INFO][Sync] Stopped: Passwords
2025-03-26 11:08:59.304: [INFO][Sync] Stopped: Autofill Profiles
2025-03-26 11:08:59.304: [INFO][Sync] Stopped: Autofill
2025-03-26 11:08:59.304: [INFO][Sync] Stopped: Extensions
2025-03-26 11:08:59.304: [INFO][Sync] Stopped: Sessions
2025-03-26 11:08:59.304: [INFO][Sync] Stopped: Extension settings
2025-03-26 11:08:59.304: [INFO][Sync] Stopped: History Delete Directives
2025-03-26 11:08:59.304: [INFO][Sync] Stopped: Device Info
2025-03-26 11:08:59.304: [INFO][Sync] Stopped: User Consents
2025-03-26 11:08:59.304: [INFO][Sync] Stopped: Send Tab To Self
2025-03-26 11:08:59.304: [INFO][Sync] Stopped: Web Apps
2025-03-26 11:08:59.304: [INFO][Sync] Stopped: History
2025-03-26 11:08:59.304: [INFO][Sync] Stopped: Collection
2025-03-26 11:08:59.304: [INFO][Sync] Stopped: Edge E Drop
2025-03-26 11:08:59.304: [INFO][Sync] Stopped: Edge Hub App Usage
2025-03-26 11:08:59.304: [INFO][Sync] Stopped: Edge Tab Group
2025-03-26 11:08:59.304: [INFO][Sync] Stopped: Edge Wallet
2025-03-26 11:10:15.914: [INFO][Sync] Reset engine, reason: 0
2025-03-26 11:21:30.799: [INFO][Sync] Reset engine, reason: 8
2025-03-26 11:21:30.799: [INFO][Sync] Stopped: Bookmarks
2025-03-26 11:21:30.799: [INFO][Sync] Stopped: Preferences
2025-03-26 11:21:30.799: [INFO][Sync] Stopped: Passwords
2025-03-26 11:21:30.799: [INFO][Sync] Stopped: Autofill Profiles
2025-03-26 11:21:30.799: [INFO][Sync] Stopped: Autofill
2025-03-26 11:21:30.799: [INFO][Sync] Stopped: Extensions
2025-03-26 11:21:30.799: [INFO][Sync] Stopped: Sessions
2025-03-26 11:21:30.799: [INFO][Sync] Stopped: Extension settings
2025-03-26 11:21:30.799: [INFO][Sync] Stopped: History Delete Directives
2025-03-26 11:21:30.799: [INFO][Sync] Stopped: Device Info
2025-03-26 11:21:30.799: [INFO][Sync] Stopped: User Consents
2025-03-26 11:21:30.799: [INFO][Sync] Stopped: Send Tab To Self
2025-03-26 11:21:30.799: [INFO][Sync] Stopped: Web Apps
2025-03-26 11:21:30.799: [INFO][Sync] Stopped: History
2025-03-26 11:21:30.799: [INFO][Sync] Stopped: Collection
2025-03-26 11:21:30.799: [INFO][Sync] Stopped: Edge E Drop
2025-03-26 11:21:30.799: [INFO][Sync] Stopped: Edge Hub App Usage
2025-03-26 11:21:30.799: [INFO][Sync] Stopped: Edge Tab Group
2025-03-26 11:21:30.799: [INFO][Sync] Stopped: Edge Wallet
2025-03-26 11:21:30.799: [INFO][Sync] SyncState after authenticated was: NotSignedIn
2025-03-26 11:21:31.023: [INFO][Sync] Reset engine, reason: 8
2025-03-26 11:21:31.023: [INFO][Sync] Stopped: Bookmarks
2025-03-26 11:21:31.023: [INFO][Sync] Stopped: Preferences
2025-03-26 11:21:31.023: [INFO][Sync] Stopped: Passwords
2025-03-26 11:21:31.023: [INFO][Sync] Stopped: Autofill Profiles
2025-03-26 11:21:31.023: [INFO][Sync] Stopped: Autofill
2025-03-26 11:21:31.023: [INFO][Sync] Stopped: Extensions
2025-03-26 11:21:31.023: [INFO][Sync] Stopped: Sessions
2025-03-26 11:21:31.023: [INFO][Sync] Stopped: Extension settings
2025-03-26 11:21:31.023: [INFO][Sync] Stopped: History Delete Directives
2025-03-26 11:21:31.023: [INFO][Sync] Stopped: Device Info
2025-03-26 11:21:31.023: [INFO][Sync] Stopped: User Consents
2025-03-26 11:21:31.023: [INFO][Sync] Stopped: Send Tab To Self
2025-03-26 11:21:31.023: [INFO][Sync] Stopped: Web Apps
2025-03-26 11:21:31.023: [INFO][Sync] Stopped: History
2025-03-26 11:21:31.023: [INFO][Sync] Stopped: Collection
2025-03-26 11:21:31.023: [INFO][Sync] Stopped: Edge E Drop
2025-03-26 11:21:31.023: [INFO][Sync] Stopped: Edge Hub App Usage
2025-03-26 11:21:31.023: [INFO][Sync] Stopped: Edge Tab Group
2025-03-26 11:21:31.023: [INFO][Sync] Stopped: Edge Wallet
2025-03-26 11:26:16.668: [INFO][Sync] Reset engine, reason: 0
2025-03-26 11:28:12.285: [INFO][Sync] Reset engine, reason: 8
2025-03-26 11:28:12.285: [INFO][Sync] Stopped: Bookmarks
2025-03-26 11:28:12.285: [INFO][Sync] Stopped: Preferences
2025-03-26 11:28:12.285: [INFO][Sync] Stopped: Passwords
2025-03-26 11:28:12.285: [INFO][Sync] Stopped: Autofill Profiles
2025-03-26 11:28:12.285: [INFO][Sync] Stopped: Autofill
2025-03-26 11:28:12.285: [INFO][Sync] Stopped: Extensions
2025-03-26 11:28:12.285: [INFO][Sync] Stopped: Sessions
2025-03-26 11:28:12.285: [INFO][Sync] Stopped: Extension settings
2025-03-26 11:28:12.285: [INFO][Sync] Stopped: History Delete Directives
2025-03-26 11:28:12.285: [INFO][Sync] Stopped: Device Info
2025-03-26 11:28:12.285: [INFO][Sync] Stopped: User Consents
2025-03-26 11:28:12.285: [INFO][Sync] Stopped: Send Tab To Self
2025-03-26 11:28:12.285: [INFO][Sync] Stopped: Web Apps
2025-03-26 11:28:12.285: [INFO][Sync] Stopped: History
2025-03-26 11:28:12.285: [INFO][Sync] Stopped: Collection
2025-03-26 11:28:12.285: [INFO][Sync] Stopped: Edge E Drop
2025-03-26 11:28:12.285: [INFO][Sync] Stopped: Edge Hub App Usage
2025-03-26 11:28:12.285: [INFO][Sync] Stopped: Edge Tab Group
2025-03-26 11:28:12.285: [INFO][Sync] Stopped: Edge Wallet
2025-03-26 11:28:12.285: [INFO][Sync] SyncState after authenticated was: NotSignedIn
2025-03-26 11:28:12.386: [INFO][Sync] Reset engine, reason: 8
2025-03-26 11:28:12.386: [INFO][Sync] Stopped: Bookmarks
2025-03-26 11:28:12.386: [INFO][Sync] Stopped: Preferences
2025-03-26 11:28:12.386: [INFO][Sync] Stopped: Passwords
2025-03-26 11:28:12.386: [INFO][Sync] Stopped: Autofill Profiles
2025-03-26 11:28:12.386: [INFO][Sync] Stopped: Autofill
2025-03-26 11:28:12.386: [INFO][Sync] Stopped: Extensions
2025-03-26 11:28:12.386: [INFO][Sync] Stopped: Sessions
2025-03-26 11:28:12.386: [INFO][Sync] Stopped: Extension settings
2025-03-26 11:28:12.386: [INFO][Sync] Stopped: History Delete Directives
2025-03-26 11:28:12.386: [INFO][Sync] Stopped: Device Info
2025-03-26 11:28:12.386: [INFO][Sync] Stopped: User Consents
2025-03-26 11:28:12.386: [INFO][Sync] Stopped: Send Tab To Self
2025-03-26 11:28:12.386: [INFO][Sync] Stopped: Web Apps
2025-03-26 11:28:12.386: [INFO][Sync] Stopped: History
2025-03-26 11:28:12.386: [INFO][Sync] Stopped: Collection
2025-03-26 11:28:12.386: [INFO][Sync] Stopped: Edge E Drop
2025-03-26 11:28:12.386: [INFO][Sync] Stopped: Edge Hub App Usage
2025-03-26 11:28:12.386: [INFO][Sync] Stopped: Edge Tab Group
2025-03-26 11:28:12.386: [INFO][Sync] Stopped: Edge Wallet
2025-03-26 11:32:58.402: [INFO][Sync] Reset engine, reason: 0
2025-03-26 11:33:20.860: [INFO][Sync] Reset engine, reason: 8
2025-03-26 11:33:20.860: [INFO][Sync] Stopped: Bookmarks
2025-03-26 11:33:20.860: [INFO][Sync] Stopped: Preferences
2025-03-26 11:33:20.860: [INFO][Sync] Stopped: Passwords
2025-03-26 11:33:20.860: [INFO][Sync] Stopped: Autofill Profiles
2025-03-26 11:33:20.860: [INFO][Sync] Stopped: Autofill
2025-03-26 11:33:20.860: [INFO][Sync] Stopped: Extensions
2025-03-26 11:33:20.860: [INFO][Sync] Stopped: Sessions
2025-03-26 11:33:20.860: [INFO][Sync] Stopped: Extension settings
2025-03-26 11:33:20.860: [INFO][Sync] Stopped: History Delete Directives
2025-03-26 11:33:20.860: [INFO][Sync] Stopped: Device Info
2025-03-26 11:33:20.860: [INFO][Sync] Stopped: User Consents
2025-03-26 11:33:20.860: [INFO][Sync] Stopped: Send Tab To Self
2025-03-26 11:33:20.860: [INFO][Sync] Stopped: Web Apps
2025-03-26 11:33:20.860: [INFO][Sync] Stopped: History
2025-03-26 11:33:20.860: [INFO][Sync] Stopped: Collection
2025-03-26 11:33:20.860: [INFO][Sync] Stopped: Edge E Drop
2025-03-26 11:33:20.860: [INFO][Sync] Stopped: Edge Hub App Usage
2025-03-26 11:33:20.860: [INFO][Sync] Stopped: Edge Tab Group
2025-03-26 11:33:20.860: [INFO][Sync] Stopped: Edge Wallet
2025-03-26 11:33:20.860: [INFO][Sync] SyncState after authenticated was: NotSignedIn
2025-03-26 11:33:20.959: [INFO][Sync] Reset engine, reason: 8
2025-03-26 11:33:20.959: [INFO][Sync] Stopped: Bookmarks
2025-03-26 11:33:20.959: [INFO][Sync] Stopped: Preferences
2025-03-26 11:33:20.959: [INFO][Sync] Stopped: Passwords
2025-03-26 11:33:20.959: [INFO][Sync] Stopped: Autofill Profiles
2025-03-26 11:33:20.959: [INFO][Sync] Stopped: Autofill
2025-03-26 11:33:20.959: [INFO][Sync] Stopped: Extensions
2025-03-26 11:33:20.959: [INFO][Sync] Stopped: Sessions
2025-03-26 11:33:20.959: [INFO][Sync] Stopped: Extension settings
2025-03-26 11:33:20.959: [INFO][Sync] Stopped: History Delete Directives
2025-03-26 11:33:20.959: [INFO][Sync] Stopped: Device Info
2025-03-26 11:33:20.959: [INFO][Sync] Stopped: User Consents
2025-03-26 11:33:20.959: [INFO][Sync] Stopped: Send Tab To Self
2025-03-26 11:33:20.959: [INFO][Sync] Stopped: Web Apps
2025-03-26 11:33:20.959: [INFO][Sync] Stopped: History
2025-03-26 11:33:20.959: [INFO][Sync] Stopped: Collection
2025-03-26 11:33:20.959: [INFO][Sync] Stopped: Edge E Drop
2025-03-26 11:33:20.959: [INFO][Sync] Stopped: Edge Hub App Usage
2025-03-26 11:33:20.959: [INFO][Sync] Stopped: Edge Tab Group
2025-03-26 11:33:20.959: [INFO][Sync] Stopped: Edge Wallet
2025-03-26 11:44:10.067: [INFO][Sync] Reset engine, reason: 0
2025-03-26 11:54:17.148: [INFO][Sync] Reset engine, reason: 8
2025-03-26 11:54:17.148: [INFO][Sync] Stopped: Bookmarks
2025-03-26 11:54:17.148: [INFO][Sync] Stopped: Preferences
2025-03-26 11:54:17.148: [INFO][Sync] Stopped: Passwords
2025-03-26 11:54:17.148: [INFO][Sync] Stopped: Autofill Profiles
2025-03-26 11:54:17.148: [INFO][Sync] Stopped: Autofill
2025-03-26 11:54:17.148: [INFO][Sync] Stopped: Extensions
2025-03-26 11:54:17.148: [INFO][Sync] Stopped: Sessions
2025-03-26 11:54:17.148: [INFO][Sync] Stopped: Extension settings
2025-03-26 11:54:17.148: [INFO][Sync] Stopped: History Delete Directives
2025-03-26 11:54:17.148: [INFO][Sync] Stopped: Device Info
2025-03-26 11:54:17.148: [INFO][Sync] Stopped: User Consents
2025-03-26 11:54:17.148: [INFO][Sync] Stopped: Send Tab To Self
2025-03-26 11:54:17.148: [INFO][Sync] Stopped: Web Apps
2025-03-26 11:54:17.148: [INFO][Sync] Stopped: History
2025-03-26 11:54:17.148: [INFO][Sync] Stopped: Collection
2025-03-26 11:54:17.148: [INFO][Sync] Stopped: Edge E Drop
2025-03-26 11:54:17.148: [INFO][Sync] Stopped: Edge Hub App Usage
2025-03-26 11:54:17.148: [INFO][Sync] Stopped: Edge Tab Group
2025-03-26 11:54:17.148: [INFO][Sync] Stopped: Edge Wallet
2025-03-26 11:54:17.148: [INFO][Sync] SyncState after authenticated was: NotSignedIn
2025-03-26 11:54:17.249: [INFO][Sync] Reset engine, reason: 8
2025-03-26 11:54:17.249: [INFO][Sync] Stopped: Bookmarks
2025-03-26 11:54:17.249: [INFO][Sync] Stopped: Preferences
2025-03-26 11:54:17.249: [INFO][Sync] Stopped: Passwords
2025-03-26 11:54:17.249: [INFO][Sync] Stopped: Autofill Profiles
2025-03-26 11:54:17.249: [INFO][Sync] Stopped: Autofill
2025-03-26 11:54:17.249: [INFO][Sync] Stopped: Extensions
2025-03-26 11:54:17.249: [INFO][Sync] Stopped: Sessions
2025-03-26 11:54:17.249: [INFO][Sync] Stopped: Extension settings
2025-03-26 11:54:17.249: [INFO][Sync] Stopped: History Delete Directives
2025-03-26 11:54:17.249: [INFO][Sync] Stopped: Device Info
2025-03-26 11:54:17.249: [INFO][Sync] Stopped: User Consents
2025-03-26 11:54:17.249: [INFO][Sync] Stopped: Send Tab To Self
2025-03-26 11:54:17.249: [INFO][Sync] Stopped: Web Apps
2025-03-26 11:54:17.249: [INFO][Sync] Stopped: History
2025-03-26 11:54:17.249: [INFO][Sync] Stopped: Collection
2025-03-26 11:54:17.249: [INFO][Sync] Stopped: Edge E Drop
2025-03-26 11:54:17.249: [INFO][Sync] Stopped: Edge Hub App Usage
2025-03-26 11:54:17.249: [INFO][Sync] Stopped: Edge Tab Group
2025-03-26 11:54:17.249: [INFO][Sync] Stopped: Edge Wallet
2025-03-26 11:57:42.614: [INFO][Sync] Reset engine, reason: 0
